Built dashboard with build_sha=local.
  index.html, performance.html, 523 company pages.
